C:\Users\Avava>date
当前日期: 2022/06/13 周一
输入新日期: (年月日)

C:\Users\Avava>time
当前时间: 13:28:45.86
输入新时间:
C:\Users\Avava>systeminfo

主机名:           LAPTOP-DFBD2LOC
OS 名称:          Microsoft Windows 10 家庭中文版
OS 版本:          10.0.19044 暂缺 Build 19044
OS 制造商:        Microsoft Corporation
OS 配置:          独立工作站
OS 构建类型:      Multiprocessor Free
注册的所有人:     Avava
注册的组织:       暂缺
产品 ID:          00342-36224-60749-AAOEM
初始安装日期:     2021/6/12, 10:58:58
系统启动时间:     2022/6/6, 23:51:43
系统制造商:       LENOVO
系统型号:         82JW
系统类型:         x64-based PC
处理器:           安装了 1 个处理器。
                  [01]: AMD64 Family 25 Model 80 Stepping 0 AuthenticAMD ~3201 Mhz
BIOS 版本:        LENOVO HHCN09WW, 2021/4/26
Windows 目录:     C:\Windows
系统目录:         C:\Windows\system32
启动设备:         \Device\HarddiskVolume1
系统区域设置:     zh-cn;中文(中国)
输入法区域设置:   zh-cn;中文(中国)
时区:             (UTC+08:00) 北京，重庆，香港特别行政区，乌鲁木齐
物理内存总量:     14,204 MB
可用的物理内存:   6,621 MB
虚拟内存: 最大值: 25,980 MB
虚拟内存: 可用:   13,450 MB
虚拟内存: 使用中: 12,530 MB
页面文件位置:     C:\pagefile.sys
域:               WORKGROUP
登录服务器:       \\LAPTOP-DFBD2LOC
修补程序:         安装了 15 个修补程序。
                  [01]: KB5013624
                  [02]: KB4562830
                  [03]: KB4570334
                  [04]: KB4577586
                  [05]: KB4580325
                  [06]: KB4586864
                  [07]: KB4593175
                  [08]: KB5003791
                  [09]: KB5013942
                  [10]: KB5006753
                  [11]: KB5007273
                  [12]: KB5011352
                  [13]: KB5011651
                  [14]: KB5014032
                  [15]: KB5005699
网卡:             安装了 10 个 NIC。
                  [01]: Realtek PCIe GbE Family Controller
                      连接名:      以太网
                      状态:        媒体连接已中断
                  [02]: Realtek RTL8852AE WiFi 6 802.11ax PCIe Adapter
                      连接名:      WLAN
                      启用 DHCP:   是
                      DHCP 服务器: 10.208.64.1
                      IP 地址
                        [01]: 10.208.68.71
                        [02]: fe80::34d9:97b0:b636:ea39
                  [03]: Bluetooth Device (Personal Area Network)
                      连接名:      蓝牙网络连接
                      状态:        媒体连接已中断
                  [04]: VirtualBox Host-Only Ethernet Adapter
                      连接名:      VirtualBox Host-Only Network
                      启用 DHCP:   否
                      IP 地址
                        [01]: 169.254.116.225
                        [02]: fe80::b500:679f:70c3:74e1
                  [05]: VMware Virtual Ethernet Adapter for VMnet1
                      连接名:      VMware Network Adapter VMnet1
                      启用 DHCP:   是
                      DHCP 服务器: 192.168.239.254
                      IP 地址
                        [01]: 192.168.239.1
                        [02]: fe80::1c77:bae3:82:d9da
                  [06]: VMware Virtual Ethernet Adapter for VMnet8
                      连接名:      VMware Network Adapter VMnet8
                      启用 DHCP:   否
                      IP 地址
                        [01]: 192.168.175.5
                        [02]: fe80::70a7:6715:e801:f3d2
                  [07]: TAP-Windows Adapter V9
                      连接名:      本地连接
                      状态:        媒体连接已中断
                  [08]: TAP-Windows Adapter V9
                      连接名:      本地连接 2
                      状态:        媒体连接已中断
                  [09]: TAP-Windows Adapter V9
                      连接名:      本地连接 3
                      状态:        媒体连接已中断
                  [10]: SVN Adapter V1.0
                      连接名:      以太网 2
                      状态:        没有硬件
Hyper-V 要求:     虚拟机监视器模式扩展: 是
                  固件中已启用虚拟化: 是
                  二级地址转换: 是
                  数据执行保护可用: 是

C:\Users\Avava>ipconfig /all

Windows IP 配置

   主机名  . . . . . . . . . . . . . : LAPTOP-DFBD2LOC
   主 DNS 后缀 . . . . . . . . . . . :
   节点类型  . . . . . . . . . . . . : 混合
   IP 路由已启用 . . . . . . . . . . : 否
   WINS 代理已启用 . . . . . . . . . : 否

以太网适配器 以太网:

   媒体状态  . . . . . . . . . . . . : 媒体已断开连接
   连接特定的 DNS 后缀 . . . . . . . :
   描述. . . . . . . . . . . . . . . : Realtek PCIe GbE Family Controller
   物理地址. . . . . . . . . . . . . : 38-F3-AB-E7-2B-9D
   DHCP 已启用 . . . . . . . . . . . : 是
   自动配置已启用. . . . . . . . . . : 是

以太网适配器 VirtualBox Host-Only Network:

   连接特定的 DNS 后缀 . . . . . . . :
   描述. . . . . . . . . . . . . . . : VirtualBox Host-Only Ethernet Adapter
   物理地址. . . . . . . . . . . . . : 0A-00-27-00-00-0E
   DHCP 已启用 . . . . . . . . . . . : 否
   自动配置已启用. . . . . . . . . . : 是
   本地链接 IPv6 地址. . . . . . . . : fe80::b500:679f:70c3:74e1%14(首选)
   自动配置 IPv4 地址  . . . . . . . : 169.254.116.225(首选)
   子网掩码  . . . . . . . . . . . . : 255.255.0.0
   默认网关. . . . . . . . . . . . . :
   DHCPv6 IAID . . . . . . . . . . . : 688521255
   DHCPv6 客户端 DUID  . . . . . . . : 00-01-00-01-28-4D-DF-87-38-F3-AB-E7-2B-9D
   DNS 服务器  . . . . . . . . . . . : fec0:0:0:ffff::1%1
                                       fec0:0:0:ffff::2%1
                                       fec0:0:0:ffff::3%1
   TCPIP 上的 NetBIOS  . . . . . . . : 已启用

未知适配器 本地连接:

   媒体状态  . . . . . . . . . . . . : 媒体已断开连接
   连接特定的 DNS 后缀 . . . . . . . :
   描述. . . . . . . . . . . . . . . : TAP-Windows Adapter V9
   物理地址. . . . . . . . . . . . . : 00-FF-E2-06-36-49
   DHCP 已启用 . . . . . . . . . . . : 是
   自动配置已启用. . . . . . . . . . : 是

未知适配器 本地连接 2:

   媒体状态  . . . . . . . . . . . . : 媒体已断开连接
   连接特定的 DNS 后缀 . . . . . . . :
   描述. . . . . . . . . . . . . . . : TAP-Windows Adapter V9 #2
   物理地址. . . . . . . . . . . . . : 00-FF-6A-C9-7B-6B
   DHCP 已启用 . . . . . . . . . . . : 是
   自动配置已启用. . . . . . . . . . : 是

未知适配器 本地连接 3:

   媒体状态  . . . . . . . . . . . . : 媒体已断开连接
   连接特定的 DNS 后缀 . . . . . . . :
   描述. . . . . . . . . . . . . . . : TAP-Windows Adapter V9 #3
   物理地址. . . . . . . . . . . . . : 00-FF-48-D2-AE-51
   DHCP 已启用 . . . . . . . . . . . : 是
   自动配置已启用. . . . . . . . . . : 是

无线局域网适配器 本地连接* 21:

   媒体状态  . . . . . . . . . . . . : 媒体已断开连接
   连接特定的 DNS 后缀 . . . . . . . :
   描述. . . . . . . . . . . . . . . : Microsoft Wi-Fi Direct Virtual Adapter #13
   物理地址. . . . . . . . . . . . . : 76-4C-A1-D0-D3-27
   DHCP 已启用 . . . . . . . . . . . : 是
   自动配置已启用. . . . . . . . . . : 是

无线局域网适配器 本地连接* 24:

   媒体状态  . . . . . . . . . . . . : 媒体已断开连接
   连接特定的 DNS 后缀 . . . . . . . :
   描述. . . . . . . . . . . . . . . : Microsoft Wi-Fi Direct Virtual Adapter #16
   物理地址. . . . . . . . . . . . . : F6-4C-A1-D0-D3-27
   DHCP 已启用 . . . . . . . . . . . : 是
   自动配置已启用. . . . . . . . . . : 是

以太网适配器 VMware Network Adapter VMnet1:

   连接特定的 DNS 后缀 . . . . . . . :
   描述. . . . . . . . . . . . . . . : VMware Virtual Ethernet Adapter for VMnet1
   物理地址. . . . . . . . . . . . . : 00-50-56-C0-00-01
   DHCP 已启用 . . . . . . . . . . . : 是
   自动配置已启用. . . . . . . . . . : 是
   本地链接 IPv6 地址. . . . . . . . : fe80::1c77:bae3:82:d9da%29(首选)
   IPv4 地址 . . . . . . . . . . . . : 192.168.239.1(首选)
   子网掩码  . . . . . . . . . . . . : 255.255.255.0
   获得租约的时间  . . . . . . . . . : 2022年6月13日 12:56:50
   租约过期的时间  . . . . . . . . . : 2022年6月13日 13:56:52
   默认网关. . . . . . . . . . . . . :
   DHCP 服务器 . . . . . . . . . . . : 192.168.239.254
   DHCPv6 IAID . . . . . . . . . . . : 822104150
   DHCPv6 客户端 DUID  . . . . . . . : 00-01-00-01-28-4D-DF-87-38-F3-AB-E7-2B-9D
   DNS 服务器  . . . . . . . . . . . : fec0:0:0:ffff::1%1
                                       fec0:0:0:ffff::2%1
                                       fec0:0:0:ffff::3%1
   TCPIP 上的 NetBIOS  . . . . . . . : 已启用

以太网适配器 VMware Network Adapter VMnet8:

   连接特定的 DNS 后缀 . . . . . . . :
   描述. . . . . . . . . . . . . . . : VMware Virtual Ethernet Adapter for VMnet8
   物理地址. . . . . . . . . . . . . : 00-50-56-C0-00-08
   DHCP 已启用 . . . . . . . . . . . : 否
   自动配置已启用. . . . . . . . . . : 是
   本地链接 IPv6 地址. . . . . . . . : fe80::70a7:6715:e801:f3d2%5(首选)
   IPv4 地址 . . . . . . . . . . . . : 192.168.175.5(首选)
   子网掩码  . . . . . . . . . . . . : 255.255.255.0
   默认网关. . . . . . . . . . . . . : 192.168.175.1
   DHCPv6 IAID . . . . . . . . . . . : 838881366
   DHCPv6 客户端 DUID  . . . . . . . : 00-01-00-01-28-4D-DF-87-38-F3-AB-E7-2B-9D
   DNS 服务器  . . . . . . . . . . . : 8.8.8.8
                                       119.29.29.29
   TCPIP 上的 NetBIOS  . . . . . . . : 已启用

无线局域网适配器 WLAN:

   连接特定的 DNS 后缀 . . . . . . . :
   描述. . . . . . . . . . . . . . . : Realtek RTL8852AE WiFi 6 802.11ax PCIe Adapter
   物理地址. . . . . . . . . . . . . : 74-4C-A1-D0-D3-27
   DHCP 已启用 . . . . . . . . . . . : 是
   自动配置已启用. . . . . . . . . . : 是
   本地链接 IPv6 地址. . . . . . . . : fe80::34d9:97b0:b636:ea39%19(首选)
   IPv4 地址 . . . . . . . . . . . . : 10.208.68.71(首选)
   子网掩码  . . . . . . . . . . . . : 255.255.192.0
   获得租约的时间  . . . . . . . . . : 2022年6月13日 12:56:53
   租约过期的时间  . . . . . . . . . : 2022年6月14日 0:56:55
   默认网关. . . . . . . . . . . . . : 10.208.64.1
   DHCP 服务器 . . . . . . . . . . . : 10.208.64.1
   DHCPv6 IAID . . . . . . . . . . . : 729042081
   DHCPv6 客户端 DUID  . . . . . . . : 00-01-00-01-28-4D-DF-87-38-F3-AB-E7-2B-9D
   DNS 服务器  . . . . . . . . . . . : 10.80.128.28
                                       10.81.254.4
   TCPIP 上的 NetBIOS  . . . . . . . : 已启用

以太网适配器 蓝牙网络连接:

   媒体状态  . . . . . . . . . . . . : 媒体已断开连接
   连接特定的 DNS 后缀 . . . . . . . :
   描述. . . . . . . . . . . . . . . : Bluetooth Device (Personal Area Network)
   物理地址. . . . . . . . . . . . . : 74-4C-A1-D0-D3-28
   DHCP 已启用 . . . . . . . . . . . : 是
   自动配置已启用. . . . . . . . . . : 是

C:\Users\Avava>route print
===========================================================================
接口列表
 30...38 f3 ab e7 2b 9d ......Realtek PCIe GbE Family Controller
 14...0a 00 27 00 00 0e ......VirtualBox Host-Only Ethernet Adapter
 36...00 ff e2 06 36 49 ......TAP-Windows Adapter V9
 22...00 ff 6a c9 7b 6b ......TAP-Windows Adapter V9 #2
 11...00 ff 48 d2 ae 51 ......TAP-Windows Adapter V9 #3
 21...76 4c a1 d0 d3 27 ......Microsoft Wi-Fi Direct Virtual Adapter #13
 25...f6 4c a1 d0 d3 27 ......Microsoft Wi-Fi Direct Virtual Adapter #16
 29...00 50 56 c0 00 01 ......VMware Virtual Ethernet Adapter for VMnet1
  5...00 50 56 c0 00 08 ......VMware Virtual Ethernet Adapter for VMnet8
 19...74 4c a1 d0 d3 27 ......Realtek RTL8852AE WiFi 6 802.11ax PCIe Adapter
 39...74 4c a1 d0 d3 28 ......Bluetooth Device (Personal Area Network)
  1...........................Software Loopback Interface 1
===========================================================================

IPv4 路由表
===========================================================================
活动路由:
网络目标        网络掩码          网关       接口   跃点数
          0.0.0.0          0.0.0.0    192.168.175.1    192.168.175.5    291
          0.0.0.0          0.0.0.0      10.208.64.1     10.208.68.71     35
      10.208.64.0    255.255.192.0            在链路上      10.208.68.71    291
     10.208.68.71  255.255.255.255            在链路上      10.208.68.71    291
   10.208.127.255  255.255.255.255            在链路上      10.208.68.71    291
        127.0.0.0        255.0.0.0            在链路上         127.0.0.1    331
        127.0.0.1  255.255.255.255            在链路上         127.0.0.1    331
  127.255.255.255  255.255.255.255            在链路上         127.0.0.1    331
      169.254.0.0      255.255.0.0            在链路上   169.254.116.225    281
  169.254.116.225  255.255.255.255            在链路上   169.254.116.225    281
  169.254.255.255  255.255.255.255            在链路上   169.254.116.225    281
    192.168.175.0    255.255.255.0            在链路上     192.168.175.5    291
    192.168.175.5  255.255.255.255            在链路上     192.168.175.5    291
  192.168.175.255  255.255.255.255            在链路上     192.168.175.5    291
    192.168.239.0    255.255.255.0            在链路上     192.168.239.1    291
    192.168.239.1  255.255.255.255            在链路上     192.168.239.1    291
  192.168.239.255  255.255.255.255            在链路上     192.168.239.1    291
        224.0.0.0        240.0.0.0            在链路上         127.0.0.1    331
        224.0.0.0        240.0.0.0            在链路上   169.254.116.225    281
        224.0.0.0        240.0.0.0            在链路上      10.208.68.71    291
        224.0.0.0        240.0.0.0            在链路上     192.168.239.1    291
        224.0.0.0        240.0.0.0            在链路上     192.168.175.5    291
  255.255.255.255  255.255.255.255            在链路上         127.0.0.1    331
  255.255.255.255  255.255.255.255            在链路上   169.254.116.225    281
  255.255.255.255  255.255.255.255            在链路上      10.208.68.71    291
  255.255.255.255  255.255.255.255            在链路上     192.168.239.1    291
  255.255.255.255  255.255.255.255            在链路上     192.168.175.5    291
===========================================================================
永久路由:
  网络地址          网络掩码  网关地址  跃点数
          0.0.0.0          0.0.0.0    192.168.175.1     默认
===========================================================================

IPv6 路由表
===========================================================================
活动路由:
 接口跃点数网络目标                网关
  1    331 ::1/128                  在链路上
 14    281 fe80::/64                在链路上
 19    291 fe80::/64                在链路上
 29    291 fe80::/64                在链路上
  5    291 fe80::/64                在链路上
 29    291 fe80::1c77:bae3:82:d9da/128
                                    在链路上
 19    291 fe80::34d9:97b0:b636:ea39/128
                                    在链路上
  5    291 fe80::70a7:6715:e801:f3d2/128
                                    在链路上
 14    281 fe80::b500:679f:70c3:74e1/128
                                    在链路上
  1    331 ff00::/8                 在链路上
 14    281 ff00::/8                 在链路上
 19    291 ff00::/8                 在链路上
 29    291 ff00::/8                 在链路上
  5    291 ff00::/8                 在链路上
===========================================================================
永久路由:
  无

C:\Users\Avava>arp -a

接口: 192.168.175.5 --- 0x5
  Internet 地址         物理地址              类型
  192.168.175.255       ff-ff-ff-ff-ff-ff     静态
  224.0.0.2             01-00-5e-00-00-02     静态
  224.0.0.22            01-00-5e-00-00-16     静态
  224.0.0.100           01-00-5e-00-00-64     静态
  224.0.0.251           01-00-5e-00-00-fb     静态
  224.0.0.252           01-00-5e-00-00-fc     静态
  224.0.1.187           01-00-5e-00-01-bb     静态
  239.11.20.1           01-00-5e-0b-14-01     静态
  239.255.255.250       01-00-5e-7f-ff-fa     静态

接口: 169.254.116.225 --- 0xe
  Internet 地址         物理地址              类型
  169.254.255.255       ff-ff-ff-ff-ff-ff     静态
  224.0.0.2             01-00-5e-00-00-02     静态
  224.0.0.22            01-00-5e-00-00-16     静态
  224.0.0.100           01-00-5e-00-00-64     静态
  224.0.0.251           01-00-5e-00-00-fb     静态
  224.0.0.252           01-00-5e-00-00-fc     静态
  224.0.1.187           01-00-5e-00-01-bb     静态
  239.11.20.1           01-00-5e-0b-14-01     静态
  239.255.255.250       01-00-5e-7f-ff-fa     静态
  255.255.255.255       ff-ff-ff-ff-ff-ff     静态

接口: 10.208.68.71 --- 0x13
  Internet 地址         物理地址              类型
  10.208.64.1           00-00-5e-00-01-01     动态
  10.208.127.255        ff-ff-ff-ff-ff-ff     静态
  224.0.0.2             01-00-5e-00-00-02     静态
  224.0.0.22            01-00-5e-00-00-16     静态
  224.0.0.100           01-00-5e-00-00-64     静态
  224.0.0.251           01-00-5e-00-00-fb     静态
  224.0.0.252           01-00-5e-00-00-fc     静态
  224.0.1.187           01-00-5e-00-01-bb     静态
  239.11.20.1           01-00-5e-0b-14-01     静态
  239.255.255.250       01-00-5e-7f-ff-fa     静态
  255.255.255.255       ff-ff-ff-ff-ff-ff     静态

接口: 192.168.239.1 --- 0x1d
  Internet 地址         物理地址              类型
  192.168.239.254       00-50-56-ec-09-d6     动态
  192.168.239.255       ff-ff-ff-ff-ff-ff     静态
  224.0.0.2             01-00-5e-00-00-02     静态
  224.0.0.22            01-00-5e-00-00-16     静态
  224.0.0.100           01-00-5e-00-00-64     静态
  224.0.0.251           01-00-5e-00-00-fb     静态
  224.0.0.252           01-00-5e-00-00-fc     静态
  224.0.1.187           01-00-5e-00-01-bb     静态
  239.11.20.1           01-00-5e-0b-14-01     静态
  239.255.255.250       01-00-5e-7f-ff-fa     静态
  255.255.255.255       ff-ff-ff-ff-ff-ff     静态

 
